[2025-06-09 11:13:53] [INFO] Korisnik bole uspesno ulogovan
[2025-06-09 11:14:02] [INFO] Korisnik gyufdygdfu uspesno dodat
[2025-06-09 11:14:06] [INFO] Korisnik gyufdygdfu uspesno obrisan
[2025-06-09 11:18:08] [INFO] Korisnik bole uspreno izlogovan
[2025-06-09 11:24:09] [INFO] Korisnik bole uspesno ulogovan
[2025-06-09 11:24:15] [INFO] Korisnik bole uspesno izmenjen
[2025-06-09 11:24:16] [INFO] Korisnik bole uspreno izlogovan
[2025-06-09 11:24:19] [INFO] Korisnik bole uspesno ulogovan
[2025-06-09 11:24:24] [INFO] Korisnik bole uspreno izlogovan
[2025-06-09 11:28:53] [INFO] Korisnik bole uspesno ulogovan
[2025-06-09 11:28:55] [INFO] Korisnik bole uspreno izlogovan
[2025-06-09 11:29:00] [INFO] Korisnik nikola uspesno ulogovan
[2025-06-09 11:29:05] [INFO] Korisnik bole uspesno izmenjen
[2025-06-09 11:29:14] [INFO] Korisnik jfasdfajhs uspesno dodat
[2025-06-09 11:29:17] [INFO] Korisnik jfasdfajhs uspesno obrisan
[2025-06-09 11:30:15] [INFO] Korisnik nikola uspreno izlogovan
[2025-06-09 11:30:18] [INFO] Korisnik bole uspesno ulogovan
[2025-06-09 11:30:35] [INFO] Korisnik bole uspreno izlogovan
[2025-06-09 11:33:13] [ERROR] Pogresna lozinka ili username
[2025-06-09 11:33:19] [INFO] Korisnik bole uspesno ulogovan
[2025-06-09 11:33:30] [INFO] Korisnik fjdasafjdg uspesno dodat
[2025-06-09 11:33:37] [INFO] Korisnik fjdasafjdg uspesno obrisan
[2025-06-09 11:44:18] [INFO] Korisnik hhfasdahsdf uspesno dodat
[2025-06-09 11:44:21] [INFO] Korisnik hhfasdahsdf uspesno obrisan
[2025-06-09 11:44:24] [INFO] Korisnik bokili1 uspesno izmenjen
[2025-06-09 11:44:29] [INFO] Korisnik bokili uspesno izmenjen
[2025-06-09 11:44:32] [INFO] Korisnik bole uspreno izlogovan
[2025-06-09 11:58:24] [INFO] Korisnik bole uspesno ulogovan
[2025-06-09 11:58:40] [INFO] Korisnik hhfasfsh uspesno dodat
[2025-06-09 11:58:44] [INFO] Korisnik hhfasfsh uspesno izmenjen
[2025-06-09 11:58:46] [INFO] Korisnik hhfasfshhfsahasfd uspesno izmenjen
[2025-06-09 11:58:51] [INFO] Korisnik hhfasfshhfsahasfd uspesno obrisan
[2025-06-09 12:02:58] [INFO] Korisnik bole uspreno izlogovan
[2025-06-09 12:03:01] [INFO] Korisnik bole uspesno ulogovan
[2025-06-09 12:04:29] [INFO] Korisnik kgfdfdgk uspesno dodat
[2025-06-09 12:04:32] [INFO] Korisnik kgfdfdgk uspesno obrisan
[2025-06-09 12:04:33] [INFO] Korisnik bole uspreno izlogovan
[2025-06-09 12:55:06] [INFO] Korisnik bole uspesno ulogovan
[2025-06-09 12:55:13] [INFO] Korisnik bole uspesno izmenjen
[2025-06-09 12:55:14] [INFO] Korisnik bole uspreno izlogovan
[2025-06-09 12:55:17] [INFO] Korisnik bole uspesno ulogovan
[2025-06-09 13:00:23] [INFO] Korisnik bole uspreno izlogovan
[2025-06-09 13:00:38] [INFO] Korisnik bole uspesno ulogovan
[2025-06-09 13:00:40] [INFO] Korisnik bole uspreno izlogovan
[2025-06-09 13:00:43] [INFO] Korisnik nikola uspesno ulogovan
[2025-06-09 13:00:48] [INFO] Korisnik bole uspesno izmenjen
[2025-06-09 13:01:47] [INFO] Korisnik bole uspesno izmenjen
[2025-06-09 13:02:58] [INFO] Korisnik bole1 uspesno izmenjen
[2025-06-09 13:03:02] [INFO] Korisnik nikola uspreno izlogovan
[2025-06-09 13:03:06] [INFO] Korisnik bole1 uspesno ulogovan
[2025-06-09 13:03:29] [INFO] Korisnik bole1 uspreno izlogovan
[2025-06-09 13:07:39] [ERROR] Pogresna lozinka ili username
[2025-06-09 13:07:41] [INFO] Korisnik bole1 uspesno ulogovan
[2025-06-09 13:07:47] [INFO] Korisnik bole uspesno izmenjen
[2025-06-09 13:50:01] [INFO] Korisnik boki uspesno izmenjen
[2025-06-09 13:55:11] [INFO] Korisnik bole1 uspreno izlogovan
[2025-06-09 20:27:42] [INFO] Korisnik bole uspesno ulogovan
[2025-06-09 20:40:25] [INFO] Korisnik hdahdsd uspesno dodat
[2025-06-09 20:42:20] [INFO] Korisnik gdagadgda uspesno dodat
[2025-06-09 20:42:31] [INFO] Korisnik hdsahads uspesno dodat
[2025-06-09 21:06:31] [INFO] Korisnik gdgad uspesno dodat
[2025-06-09 21:34:01] [INFO] Korisnik bole uspesno ulogovan
[2025-06-09 21:40:48] [INFO] Korisnik gdgad uspesno obrisan
[2025-06-09 21:40:52] [INFO] Korisnik hdsahads uspesno obrisan
[2025-06-09 21:42:13] [ERROR] Korisnik je pokusao da menja nepostojeceg korisnika
[2025-06-09 21:52:28] [INFO] Korisnik gdagadgda uspesno izmenjen
[2025-06-09 21:52:36] [INFO] Korisnik gdagadgda uspesno izmenjen
[2025-06-09 21:52:38] [ERROR] Korisnicko ime Array vec postoji, ne moze se izmeniti
[2025-06-09 21:52:40] [ERROR] Korisnicko ime Array vec postoji, ne moze se izmeniti
[2025-06-09 21:52:40] [ERROR] Korisnicko ime Array vec postoji, ne moze se izmeniti
[2025-06-09 21:52:41] [ERROR] Korisnicko ime Array vec postoji, ne moze se izmeniti
[2025-06-09 21:53:15] [ERROR] Korisnicko ime Array vec postoji, ne moze se izmeniti
[2025-06-09 21:53:16] [ERROR] Korisnicko ime Array vec postoji, ne moze se izmeniti
[2025-06-09 21:53:16] [ERROR] Korisnicko ime Array vec postoji, ne moze se izmeniti
[2025-06-09 21:54:00] [ERROR] Korisnicko ime Array vec postoji, ne moze se izmeniti
[2025-06-09 21:54:01] [ERROR] Korisnicko ime Array vec postoji, ne moze se izmeniti
[2025-06-09 21:54:01] [ERROR] Korisnicko ime Array vec postoji, ne moze se izmeniti
[2025-06-09 21:54:01] [ERROR] Korisnicko ime Array vec postoji, ne moze se izmeniti
[2025-06-09 21:54:01] [ERROR] Korisnicko ime Array vec postoji, ne moze se izmeniti
[2025-06-09 21:54:01] [ERROR] Korisnicko ime Array vec postoji, ne moze se izmeniti
[2025-06-09 21:54:08] [INFO] Korisnik gdagadgda uspesno izmenjen
[2025-06-09 21:54:40] [ERROR] Korisnicko ime bole vec postoji, ne moze se izmeniti
[2025-06-09 22:04:17] [INFO] Korisnik bole uspreno izlogovan
[2025-06-09 22:15:59] [INFO] Korisnik bole uspesno ulogovan
[2025-06-09 22:16:58] [INFO] Korisnik bole uspreno izlogovan
[2025-06-09 22:17:29] [ERROR] Pogresna lozinka ili username
[2025-06-09 22:17:30] [ERROR] Pogresna lozinka ili username
[2025-06-09 22:17:33] [ERROR] Pogresna lozinka ili username
[2025-06-09 22:17:35] [ERROR] Pogresna lozinka ili username
[2025-06-09 22:17:38] [ERROR] Pogresna lozinka ili username
[2025-06-09 22:27:50] [INFO] Korisnik bole uspesno ulogovan
[2025-06-09 22:30:38] [INFO] Korisnik bole uspreno izlogovan
[2025-06-09 22:31:01] [INFO] Korisnik bole uspesno ulogovan
[2025-06-09 22:32:13] [INFO] Korisnik bole uspesno ulogovan
[2025-06-09 22:32:33] [INFO] Korisnik bole uspreno izlogovan
[2025-06-09 22:32:45] [INFO] Korisnik bole uspesno ulogovan
[2025-06-09 22:33:04] [INFO] Korisnik bole uspreno izlogovan
[2025-06-09 22:34:14] [INFO] Korisnik bole uspesno ulogovan
[2025-06-09 22:34:19] [INFO] Korisnik bole uspreno izlogovan
[2025-06-09 22:35:48] [INFO] Korisnik bole uspesno ulogovan
[2025-06-09 22:37:26] [INFO] Korisnik bole uspreno izlogovan
[2025-06-09 22:37:30] [ERROR] Pogresna lozinka ili username
[2025-06-09 22:37:38] [INFO] Korisnik bole uspesno ulogovan
[2025-06-09 22:39:07] [INFO] Korisnik bole uspreno izlogovan
[2025-06-09 22:39:12] [INFO] Korisnik bole uspesno ulogovan
[2025-06-09 22:39:33] [INFO] Korisnik bole uspreno izlogovan
[2025-06-09 22:39:47] [INFO] Korisnik bole uspesno ulogovan
[2025-06-09 22:49:32] [INFO] Korisnik bole uspreno izlogovan
[2025-06-09 22:49:42] [INFO] Korisnik bole uspesno ulogovan
[2025-06-09 22:50:12] [INFO] Korisnik bole uspreno izlogovan
[2025-06-09 22:51:24] [INFO] Korisnik bole uspesno ulogovan
[2025-06-09 22:53:51] [INFO] Korisnik bole uspreno izlogovan
[2025-06-09 22:53:56] [INFO] Korisnik bole uspesno ulogovan
[2025-06-09 22:55:09] [INFO] Korisnik bole uspesno ulogovan
[2025-06-09 23:02:07] [INFO] Korisnik bole uspreno izlogovan
[2025-06-09 23:02:11] [INFO] Korisnik bole uspesno ulogovan
[2025-06-09 23:02:11] [INFO] Korisnik bole uspesno ulogovan
[2025-06-09 23:02:17] [INFO] Korisnik bole uspreno izlogovan
