[2025-06-10 13:18:38] [INFO] Korisnik bole uspesno ulogovan
[2025-06-10 13:21:19] [INFO] Korisnik bole uspreno izlogovan
[2025-06-10 13:23:46] [INFO] Korisnik bole uspesno ulogovan
[2025-06-10 13:26:48] [INFO] Korisnik bole uspreno izlogovan
[2025-06-10 13:27:44] [ERROR] Pogresna lozinka ili username
[2025-06-10 13:27:53] [INFO] Korisnik bole uspesno ulogovan
[2025-06-10 13:29:36] [INFO] Korisnik bole uspreno izlogovan
[2025-06-10 13:29:39] [INFO] Korisnik bole uspesno ulogovan
[2025-06-10 13:35:53] [INFO] Korisnik gdagadgda uspesno obrisan
[2025-06-10 13:35:59] [INFO] Korisnik hdahdsd uspesno obrisan
[2025-06-10 13:40:07] [INFO] Korisnik gaddga uspesno dodat
[2025-06-10 13:42:26] [ERROR] Korisnik je pokusao da doda gaddga, koji vec postoji
[2025-06-10 13:42:29] [INFO] Korisnik bole uspreno izlogovan
[2025-06-10 13:42:33] [INFO] Korisnik bole uspesno ulogovan
[2025-06-10 13:46:50] [INFO] Korisnik bole uspreno izlogovan
[2025-06-10 13:46:54] [INFO] Korisnik bole uspesno ulogovan
[2025-06-10 13:47:03] [INFO] Korisnik gaddga uspesno obrisan
[2025-06-10 13:47:12] [INFO] Korisnik hsshfd uspesno dodat
[2025-06-10 13:47:18] [INFO] Korisnik hsshfd uspesno izmenjen
[2025-06-10 13:50:47] [INFO] Korisnik bole uspreno izlogovan
[2025-06-10 13:50:51] [INFO] Korisnik bole uspesno ulogovan
[2025-06-10 13:50:59] [INFO] Korisnik bole uspesno izmenjen
[2025-06-10 13:51:00] [INFO] Korisnik bole uspreno izlogovan
[2025-06-10 13:51:03] [INFO] Korisnik bole uspesno ulogovan
[2025-06-10 13:51:11] [INFO] Korisnik bole uspreno izlogovan
[2025-06-10 13:51:14] [INFO] Korisnik bole uspesno ulogovan
[2025-06-10 13:51:18] [INFO] Korisnik bole uspreno izlogovan
[2025-06-10 13:51:29] [INFO] Korisnik nikola uspesno ulogovan
[2025-06-10 13:51:34] [INFO] Korisnik hsshfd uspesno obrisan
[2025-06-10 13:51:37] [INFO] Korisnik bole uspesno izmenjen
[2025-06-10 13:53:41] [INFO] Korisnik nikola uspreno izlogovan
[2025-06-10 13:53:44] [INFO] Korisnik bole uspesno ulogovan
[2025-06-10 13:59:03] [INFO] Korisnik bole uspreno izlogovan
[2025-06-10 13:59:06] [INFO] Korisnik bole uspesno ulogovan
[2025-06-10 14:14:04] [INFO] Korisnik bole uspesno ulogovan
[2025-06-10 14:14:07] [INFO] Korisnik bole uspreno izlogovan
[2025-06-10 14:52:01] [INFO] Korisnik bole uspesno ulogovan
[2025-06-10 14:52:03] [INFO] Korisnik bole uspreno izlogovan
[2025-06-10 14:53:27] [INFO] Korisnik bole uspesno ulogovan
[2025-06-10 15:22:20] [INFO] Korisnik bole uspesno izmenjen
[2025-06-10 15:22:27] [INFO] Korisnik bole uspesno izmenjen
[2025-06-10 15:24:22] [INFO] Korisnik bole uspesno izmenjen
[2025-06-10 15:24:24] [INFO] Korisnik bole uspesno izmenjen
[2025-06-10 15:24:26] [INFO] Korisnik bole uspesno izmenjen
[2025-06-10 15:24:29] [INFO] Korisnik bole uspesno izmenjen
[2025-06-10 15:26:31] [INFO] Korisnik bole uspesno izmenjen
[2025-06-10 15:26:37] [INFO] Korisnik bole uspesno izmenjen
[2025-06-10 15:26:41] [INFO] Korisnik bole uspesno izmenjen
[2025-06-10 15:29:05] [INFO] Korisnik bole uspreno izlogovan
[2025-06-10 15:29:12] [ERROR] Pogresna lozinka ili username
[2025-06-10 15:29:18] [INFO] Korisnik nikola uspesno ulogovan
[2025-06-10 15:29:26] [INFO] Korisnik bole uspešno izmenjen
[2025-06-10 15:33:05] [INFO] Korisnik boki uspešno izmenjen
[2025-06-10 15:42:12] [INFO] Korisnik boki uspešno izmenjen
[2025-06-10 15:42:19] [INFO] Korisnik boki uspešno izmenjen
[2025-06-10 15:59:45] [INFO] Korisnik boki uspešno izmenjen
[2025-06-10 16:00:12] [INFO] Korisnik boki uspešno izmenjen
[2025-06-10 16:04:17] [INFO] Korisnik ngdaj uspesno dodat
[2025-06-10 16:19:38] [INFO] Korisnik hfshf uspesno dodat
[2025-06-10 16:23:35] [INFO] Korisnik dgadga uspesno dodat
[2025-06-10 16:23:38] [INFO] Korisnik dgadga uspesno obrisan
[2025-06-10 16:23:40] [INFO] Korisnik hfshf uspesno obrisan
[2025-06-10 16:23:42] [INFO] Korisnik ngdaj uspesno obrisan
[2025-06-10 17:51:27] [ERROR] Pogresna lozinka ili username
[2025-06-10 17:51:28] [ERROR] Pogresna lozinka ili username
[2025-06-10 17:51:28] [ERROR] Pogresna lozinka ili username
[2025-06-10 17:51:30] [INFO] Korisnik bole uspesno ulogovan
[2025-06-10 17:51:32] [INFO] Korisnik bole uspreno izlogovan
[2025-06-10 17:51:36] [INFO] Korisnik bole uspesno ulogovan
[2025-06-10 17:52:05] [INFO] Korisnik vjfgdjfg uspesno dodat
[2025-06-10 17:52:09] [INFO] Korisnik vjfgdjfg uspesno obrisan
[2025-06-10 17:52:13] [INFO] Korisnik bole uspreno izlogovan
[2025-06-10 17:52:19] [ERROR] Pogresna lozinka ili username
[2025-06-10 18:18:03] [ERROR] Pogresna lozinka ili username
[2025-06-10 18:18:05] [ERROR] Pogresna lozinka ili username
[2025-06-10 18:18:08] [INFO] Korisnik bole uspesno ulogovan
[2025-06-10 18:18:12] [INFO] Korisnik bole uspreno izlogovan
