[2025-06-08 12:28:28] [INFO] Korisnik bole uspesno ulogovan
[2025-06-08 12:31:37] [INFO] Korisnik bole uspesno ulogovan
[2025-06-08 12:32:02] [INFO] Korisnik gujfhsd uspesno dodat
[2025-06-08 12:34:09] [INFO] Korisnik bole uspesno ulogovan
[2025-06-08 12:34:09] [INFO] Korisnik test uspesno dodat
[2025-06-08 12:34:21] [INFO] Korisnik bole uspesno ulogovan
[2025-06-08 12:34:22] [ERROR] Korisnik je pokusao da doda test, koji vec postoji
[2025-06-08 12:36:31] [INFO] Korisnik bole uspesno ulogovan
[2025-06-08 12:36:31] [INFO] Korisnik test0 uspesno dodat
[2025-06-08 12:36:31] [INFO] Korisnik test1 uspesno dodat
[2025-06-08 12:36:31] [INFO] Korisnik test2 uspesno dodat
[2025-06-08 12:36:31] [INFO] Korisnik test3 uspesno dodat
[2025-06-08 12:36:31] [INFO] Korisnik test4 uspesno dodat
[2025-06-08 12:36:32] [INFO] Korisnik test5 uspesno dodat
[2025-06-08 12:36:32] [INFO] Korisnik test6 uspesno dodat
[2025-06-08 12:36:32] [INFO] Korisnik test7 uspesno dodat
[2025-06-08 12:36:32] [INFO] Korisnik test8 uspesno dodat
[2025-06-08 12:36:32] [INFO] Korisnik test9 uspesno dodat
[2025-06-08 12:37:17] [INFO] Korisnik bole uspesno ulogovan
[2025-06-08 12:37:17] [INFO] Korisnik test53 uspesno dodat
[2025-06-08 12:37:31] [INFO] Korisnik bole uspesno ulogovan
[2025-06-08 12:37:31] [INFO] Korisnik test54 uspesno dodat
[2025-06-08 12:37:44] [INFO] Korisnik gujfhsd uspesno obrisan
[2025-06-08 12:37:55] [INFO] Korisnik test54 uspesno obrisan
[2025-06-08 12:39:13] [INFO] Korisnik bole uspesno ulogovan
[2025-06-08 12:39:13] [INFO] Korisnik  uspesno obrisan
[2025-06-08 12:39:13] [INFO] Korisnik test uspesno obrisan
[2025-06-08 12:39:13] [INFO] Korisnik test0 uspesno obrisan
[2025-06-08 12:39:13] [INFO] Korisnik test1 uspesno obrisan
[2025-06-08 12:39:13] [INFO] Korisnik test2 uspesno obrisan
[2025-06-08 12:39:13] [INFO] Korisnik test3 uspesno obrisan
[2025-06-08 12:39:13] [INFO] Korisnik test4 uspesno obrisan
[2025-06-08 12:39:13] [INFO] Korisnik test5 uspesno obrisan
[2025-06-08 12:39:13] [INFO] Korisnik test6 uspesno obrisan
[2025-06-08 12:39:13] [INFO] Korisnik test7 uspesno obrisan
[2025-06-08 12:39:13] [INFO] Korisnik test8 uspesno obrisan
[2025-06-08 12:39:13] [INFO] Korisnik test9 uspesno obrisan
[2025-06-08 12:39:13] [INFO] Korisnik test54 uspesno dodat
[2025-06-08 12:42:02] [INFO] Korisnik bole uspesno ulogovan
[2025-06-08 12:42:50] [INFO] Korisnik bole uspesno ulogovan
[2025-06-08 12:44:00] [INFO] Korisnik bole uspesno ulogovan
[2025-06-08 12:44:47] [INFO] Korisnik bole uspesno ulogovan
[2025-06-08 12:46:01] [INFO] Korisnik bole uspesno ulogovan
[2025-06-08 12:51:19] [INFO] Korisnik bole uspesno ulogovan
[2025-06-08 12:51:27] [INFO] Korisnik bole uspesno ulogovan
[2025-06-08 12:52:05] [INFO] Korisnik bole uspesno ulogovan
[2025-06-08 12:52:05] [INFO] Korisnik test53 uspesno obrisan
[2025-06-08 12:52:05] [INFO] Korisnik test54 uspesno obrisan
[2025-06-08 12:52:10] [INFO] Korisnik bole uspesno ulogovan
[2025-06-08 12:52:38] [INFO] Korisnik bole uspesno ulogovan
[2025-06-08 12:52:38] [INFO] Korisnik test1 uspesno dodat
[2025-06-08 12:52:38] [INFO] Korisnik test2 uspesno dodat
[2025-06-08 12:52:38] [INFO] Korisnik test3 uspesno dodat
[2025-06-08 12:52:38] [INFO] Korisnik test4 uspesno dodat
[2025-06-08 12:52:38] [INFO] Korisnik test5 uspesno dodat
[2025-06-08 12:52:38] [INFO] Korisnik test6 uspesno dodat
[2025-06-08 12:52:39] [INFO] Korisnik test7 uspesno dodat
[2025-06-08 12:52:39] [INFO] Korisnik test8 uspesno dodat
[2025-06-08 12:52:39] [INFO] Korisnik test9 uspesno dodat
[2025-06-08 12:52:39] [INFO] Korisnik test10 uspesno dodat
[2025-06-08 12:52:39] [INFO] Korisnik test11 uspesno dodat
[2025-06-08 12:52:39] [INFO] Korisnik test12 uspesno dodat
[2025-06-08 12:52:40] [INFO] Korisnik test13 uspesno dodat
[2025-06-08 12:52:40] [INFO] Korisnik test14 uspesno dodat
[2025-06-08 12:52:40] [INFO] Korisnik test15 uspesno dodat
[2025-06-08 12:52:40] [INFO] Korisnik test16 uspesno dodat
[2025-06-08 12:52:40] [INFO] Korisnik test17 uspesno dodat
[2025-06-08 12:52:40] [INFO] Korisnik test18 uspesno dodat
[2025-06-08 12:52:40] [INFO] Korisnik test19 uspesno dodat
[2025-06-08 12:52:40] [INFO] Korisnik test20 uspesno dodat
[2025-06-08 12:52:41] [INFO] Korisnik test21 uspesno dodat
[2025-06-08 12:52:41] [INFO] Korisnik test22 uspesno dodat
[2025-06-08 12:52:41] [INFO] Korisnik test23 uspesno dodat
[2025-06-08 12:52:41] [INFO] Korisnik test24 uspesno dodat
[2025-06-08 12:52:41] [INFO] Korisnik test25 uspesno dodat
[2025-06-08 12:52:41] [INFO] Korisnik test26 uspesno dodat
[2025-06-08 12:52:42] [INFO] Korisnik test27 uspesno dodat
[2025-06-08 12:52:42] [INFO] Korisnik test28 uspesno dodat
[2025-06-08 12:52:42] [INFO] Korisnik test29 uspesno dodat
[2025-06-08 12:52:42] [INFO] Korisnik test30 uspesno dodat
[2025-06-08 12:52:42] [INFO] Korisnik test31 uspesno dodat
[2025-06-08 12:52:42] [INFO] Korisnik test32 uspesno dodat
[2025-06-08 12:52:42] [INFO] Korisnik test33 uspesno dodat
[2025-06-08 12:52:43] [INFO] Korisnik test34 uspesno dodat
[2025-06-08 12:52:43] [INFO] Korisnik test35 uspesno dodat
[2025-06-08 12:52:43] [INFO] Korisnik test36 uspesno dodat
[2025-06-08 12:52:43] [INFO] Korisnik test37 uspesno dodat
[2025-06-08 12:52:43] [INFO] Korisnik test38 uspesno dodat
[2025-06-08 12:52:43] [INFO] Korisnik test39 uspesno dodat
[2025-06-08 12:52:43] [INFO] Korisnik test40 uspesno dodat
[2025-06-08 12:52:44] [INFO] Korisnik test41 uspesno dodat
[2025-06-08 12:52:44] [INFO] Korisnik test42 uspesno dodat
[2025-06-08 12:52:44] [INFO] Korisnik test43 uspesno dodat
[2025-06-08 12:52:44] [INFO] Korisnik test44 uspesno dodat
[2025-06-08 12:52:44] [INFO] Korisnik test45 uspesno dodat
[2025-06-08 12:52:44] [INFO] Korisnik test46 uspesno dodat
[2025-06-08 12:52:44] [INFO] Korisnik test47 uspesno dodat
[2025-06-08 12:52:44] [INFO] Korisnik test48 uspesno dodat
[2025-06-08 12:52:45] [INFO] Korisnik test49 uspesno dodat
[2025-06-08 12:52:45] [INFO] Korisnik test50 uspesno dodat
[2025-06-08 12:52:45] [INFO] Korisnik test51 uspesno dodat
[2025-06-08 12:52:45] [INFO] Korisnik test52 uspesno dodat
[2025-06-08 12:52:45] [INFO] Korisnik test53 uspesno dodat
[2025-06-08 12:52:45] [INFO] Korisnik test54 uspesno dodat
[2025-06-08 12:52:45] [INFO] Korisnik test55 uspesno dodat
[2025-06-08 12:52:46] [INFO] Korisnik test56 uspesno dodat
[2025-06-08 12:52:46] [INFO] Korisnik test57 uspesno dodat
[2025-06-08 12:52:46] [INFO] Korisnik test58 uspesno dodat
[2025-06-08 12:52:46] [INFO] Korisnik test59 uspesno dodat
[2025-06-08 12:52:46] [INFO] Korisnik test60 uspesno dodat
[2025-06-08 12:52:46] [INFO] Korisnik test61 uspesno dodat
[2025-06-08 12:52:46] [INFO] Korisnik test62 uspesno dodat
[2025-06-08 12:52:46] [INFO] Korisnik test63 uspesno dodat
[2025-06-08 12:52:47] [INFO] Korisnik test64 uspesno dodat
[2025-06-08 12:52:47] [INFO] Korisnik test65 uspesno dodat
[2025-06-08 12:52:47] [INFO] Korisnik test66 uspesno dodat
[2025-06-08 12:52:47] [INFO] Korisnik test67 uspesno dodat
[2025-06-08 12:52:47] [INFO] Korisnik test68 uspesno dodat
[2025-06-08 12:52:47] [INFO] Korisnik test69 uspesno dodat
[2025-06-08 12:52:47] [INFO] Korisnik test70 uspesno dodat
[2025-06-08 12:52:48] [INFO] Korisnik test71 uspesno dodat
[2025-06-08 12:52:48] [INFO] Korisnik test72 uspesno dodat
[2025-06-08 12:52:48] [INFO] Korisnik test73 uspesno dodat
[2025-06-08 12:52:48] [INFO] Korisnik test74 uspesno dodat
[2025-06-08 12:52:48] [INFO] Korisnik test75 uspesno dodat
[2025-06-08 12:52:48] [INFO] Korisnik test76 uspesno dodat
[2025-06-08 12:52:48] [INFO] Korisnik test77 uspesno dodat
[2025-06-08 12:52:48] [INFO] Korisnik test78 uspesno dodat
[2025-06-08 12:52:49] [INFO] Korisnik test79 uspesno dodat
[2025-06-08 12:52:49] [INFO] Korisnik test80 uspesno dodat
[2025-06-08 12:52:49] [INFO] Korisnik test81 uspesno dodat
[2025-06-08 12:52:49] [INFO] Korisnik test82 uspesno dodat
[2025-06-08 12:52:49] [INFO] Korisnik test83 uspesno dodat
[2025-06-08 12:52:49] [INFO] Korisnik test84 uspesno dodat
[2025-06-08 12:52:49] [INFO] Korisnik test85 uspesno dodat
[2025-06-08 12:52:49] [INFO] Korisnik test86 uspesno dodat
[2025-06-08 12:52:50] [INFO] Korisnik test87 uspesno dodat
[2025-06-08 12:52:50] [INFO] Korisnik test88 uspesno dodat
[2025-06-08 12:52:50] [INFO] Korisnik test89 uspesno dodat
[2025-06-08 12:52:50] [INFO] Korisnik test90 uspesno dodat
[2025-06-08 12:52:50] [INFO] Korisnik test91 uspesno dodat
[2025-06-08 12:52:50] [INFO] Korisnik test92 uspesno dodat
[2025-06-08 12:52:51] [INFO] Korisnik test93 uspesno dodat
[2025-06-08 12:52:51] [INFO] Korisnik test94 uspesno dodat
[2025-06-08 12:52:51] [INFO] Korisnik test95 uspesno dodat
[2025-06-08 12:52:51] [INFO] Korisnik test96 uspesno dodat
[2025-06-08 12:52:51] [INFO] Korisnik test97 uspesno dodat
[2025-06-08 12:52:51] [INFO] Korisnik test98 uspesno dodat
[2025-06-08 12:52:52] [INFO] Korisnik test99 uspesno dodat
[2025-06-08 12:53:10] [INFO] Korisnik bole uspesno ulogovan
[2025-06-08 12:53:10] [INFO] Korisnik test1 uspesno obrisan
[2025-06-08 12:53:10] [INFO] Korisnik test2 uspesno obrisan
[2025-06-08 12:53:10] [INFO] Korisnik test3 uspesno obrisan
[2025-06-08 12:53:10] [INFO] Korisnik test4 uspesno obrisan
[2025-06-08 12:53:10] [INFO] Korisnik test5 uspesno obrisan
[2025-06-08 12:53:10] [INFO] Korisnik test6 uspesno obrisan
[2025-06-08 12:53:11] [INFO] Korisnik test7 uspesno obrisan
[2025-06-08 12:53:11] [INFO] Korisnik test8 uspesno obrisan
[2025-06-08 12:53:11] [INFO] Korisnik test9 uspesno obrisan
[2025-06-08 12:53:11] [INFO] Korisnik test10 uspesno obrisan
[2025-06-08 12:53:11] [INFO] Korisnik test11 uspesno obrisan
[2025-06-08 12:53:11] [INFO] Korisnik test12 uspesno obrisan
[2025-06-08 12:53:11] [INFO] Korisnik test13 uspesno obrisan
[2025-06-08 12:53:11] [INFO] Korisnik test14 uspesno obrisan
[2025-06-08 12:53:11] [INFO] Korisnik test15 uspesno obrisan
[2025-06-08 12:53:11] [INFO] Korisnik test16 uspesno obrisan
[2025-06-08 12:53:11] [INFO] Korisnik test17 uspesno obrisan
[2025-06-08 12:53:11] [INFO] Korisnik test18 uspesno obrisan
[2025-06-08 12:53:11] [INFO] Korisnik test19 uspesno obrisan
[2025-06-08 12:53:11] [INFO] Korisnik test20 uspesno obrisan
[2025-06-08 12:53:11] [INFO] Korisnik test21 uspesno obrisan
[2025-06-08 12:53:11] [INFO] Korisnik test22 uspesno obrisan
[2025-06-08 12:53:11] [INFO] Korisnik test23 uspesno obrisan
[2025-06-08 12:53:11] [INFO] Korisnik test24 uspesno obrisan
[2025-06-08 12:53:11] [INFO] Korisnik test25 uspesno obrisan
[2025-06-08 12:53:11] [INFO] Korisnik test26 uspesno obrisan
[2025-06-08 12:53:11] [INFO] Korisnik test27 uspesno obrisan
[2025-06-08 12:53:11] [INFO] Korisnik test28 uspesno obrisan
[2025-06-08 12:53:11] [INFO] Korisnik test29 uspesno obrisan
[2025-06-08 12:53:11] [INFO] Korisnik test30 uspesno obrisan
[2025-06-08 12:53:11] [INFO] Korisnik test31 uspesno obrisan
[2025-06-08 12:53:11] [INFO] Korisnik test32 uspesno obrisan
[2025-06-08 12:53:11] [INFO] Korisnik test33 uspesno obrisan
[2025-06-08 12:53:11] [INFO] Korisnik test34 uspesno obrisan
[2025-06-08 12:53:11] [INFO] Korisnik test35 uspesno obrisan
[2025-06-08 12:53:11] [INFO] Korisnik test36 uspesno obrisan
[2025-06-08 12:53:11] [INFO] Korisnik test37 uspesno obrisan
[2025-06-08 12:53:11] [INFO] Korisnik test38 uspesno obrisan
[2025-06-08 12:53:11] [INFO] Korisnik test39 uspesno obrisan
[2025-06-08 12:53:11] [INFO] Korisnik test40 uspesno obrisan
[2025-06-08 12:53:11] [INFO] Korisnik test41 uspesno obrisan
[2025-06-08 12:53:11] [INFO] Korisnik test42 uspesno obrisan
[2025-06-08 12:53:11] [INFO] Korisnik test43 uspesno obrisan
[2025-06-08 12:53:11] [INFO] Korisnik test44 uspesno obrisan
[2025-06-08 12:53:11] [INFO] Korisnik test45 uspesno obrisan
[2025-06-08 12:53:11] [INFO] Korisnik test46 uspesno obrisan
[2025-06-08 12:53:11] [INFO] Korisnik test47 uspesno obrisan
[2025-06-08 12:53:11] [INFO] Korisnik test48 uspesno obrisan
[2025-06-08 12:53:12] [INFO] Korisnik test49 uspesno obrisan
[2025-06-08 12:53:12] [INFO] Korisnik test50 uspesno obrisan
[2025-06-08 12:53:12] [INFO] Korisnik test51 uspesno obrisan
[2025-06-08 12:53:12] [INFO] Korisnik test52 uspesno obrisan
[2025-06-08 12:53:12] [INFO] Korisnik test53 uspesno obrisan
[2025-06-08 12:53:12] [INFO] Korisnik test54 uspesno obrisan
[2025-06-08 12:53:12] [INFO] Korisnik test55 uspesno obrisan
[2025-06-08 12:53:12] [INFO] Korisnik test56 uspesno obrisan
[2025-06-08 12:53:12] [INFO] Korisnik test57 uspesno obrisan
[2025-06-08 12:53:12] [INFO] Korisnik test58 uspesno obrisan
[2025-06-08 12:53:12] [INFO] Korisnik test59 uspesno obrisan
[2025-06-08 12:53:12] [INFO] Korisnik test60 uspesno obrisan
[2025-06-08 12:53:12] [INFO] Korisnik test61 uspesno obrisan
[2025-06-08 12:53:12] [INFO] Korisnik test62 uspesno obrisan
[2025-06-08 12:53:12] [INFO] Korisnik test63 uspesno obrisan
[2025-06-08 12:53:12] [INFO] Korisnik test64 uspesno obrisan
[2025-06-08 12:53:12] [INFO] Korisnik test65 uspesno obrisan
[2025-06-08 12:53:12] [INFO] Korisnik test66 uspesno obrisan
[2025-06-08 12:53:12] [INFO] Korisnik test67 uspesno obrisan
[2025-06-08 12:53:12] [INFO] Korisnik test68 uspesno obrisan
[2025-06-08 12:53:12] [INFO] Korisnik test69 uspesno obrisan
[2025-06-08 12:53:12] [INFO] Korisnik test70 uspesno obrisan
[2025-06-08 12:53:12] [INFO] Korisnik test71 uspesno obrisan
[2025-06-08 12:53:12] [INFO] Korisnik test72 uspesno obrisan
[2025-06-08 12:53:12] [INFO] Korisnik test73 uspesno obrisan
[2025-06-08 12:53:12] [INFO] Korisnik test74 uspesno obrisan
[2025-06-08 12:53:12] [INFO] Korisnik test75 uspesno obrisan
[2025-06-08 12:53:12] [INFO] Korisnik test76 uspesno obrisan
[2025-06-08 12:53:12] [INFO] Korisnik test77 uspesno obrisan
[2025-06-08 12:53:12] [INFO] Korisnik test78 uspesno obrisan
[2025-06-08 12:53:12] [INFO] Korisnik test79 uspesno obrisan
[2025-06-08 12:53:12] [INFO] Korisnik test80 uspesno obrisan
[2025-06-08 12:53:12] [INFO] Korisnik test81 uspesno obrisan
[2025-06-08 12:53:12] [INFO] Korisnik test82 uspesno obrisan
[2025-06-08 12:53:12] [INFO] Korisnik test83 uspesno obrisan
[2025-06-08 12:53:12] [INFO] Korisnik test84 uspesno obrisan
[2025-06-08 12:53:12] [INFO] Korisnik test85 uspesno obrisan
[2025-06-08 12:53:12] [INFO] Korisnik test86 uspesno obrisan
[2025-06-08 12:53:12] [INFO] Korisnik test87 uspesno obrisan
[2025-06-08 12:53:12] [INFO] Korisnik test88 uspesno obrisan
[2025-06-08 12:53:12] [INFO] Korisnik test89 uspesno obrisan
[2025-06-08 12:53:12] [INFO] Korisnik test90 uspesno obrisan
[2025-06-08 12:53:12] [INFO] Korisnik test91 uspesno obrisan
[2025-06-08 12:53:12] [INFO] Korisnik test92 uspesno obrisan
[2025-06-08 12:53:12] [INFO] Korisnik test93 uspesno obrisan
[2025-06-08 12:53:12] [INFO] Korisnik test94 uspesno obrisan
[2025-06-08 12:53:12] [INFO] Korisnik test95 uspesno obrisan
[2025-06-08 12:53:13] [INFO] Korisnik test96 uspesno obrisan
[2025-06-08 12:53:13] [INFO] Korisnik test97 uspesno obrisan
[2025-06-08 12:53:13] [INFO] Korisnik test98 uspesno obrisan
[2025-06-08 12:53:13] [INFO] Korisnik test99 uspesno obrisan
[2025-06-08 12:53:13] [INFO] Korisnik test1 uspesno dodat
[2025-06-08 12:53:13] [INFO] Korisnik test2 uspesno dodat
[2025-06-08 12:53:13] [INFO] Korisnik test3 uspesno dodat
[2025-06-08 12:53:13] [INFO] Korisnik test4 uspesno dodat
[2025-06-08 12:53:13] [INFO] Korisnik test5 uspesno dodat
[2025-06-08 12:53:13] [INFO] Korisnik test6 uspesno dodat
[2025-06-08 12:53:13] [INFO] Korisnik test7 uspesno dodat
[2025-06-08 12:53:14] [INFO] Korisnik test8 uspesno dodat
[2025-06-08 12:53:14] [INFO] Korisnik test9 uspesno dodat
[2025-06-08 12:53:14] [INFO] Korisnik test10 uspesno dodat
[2025-06-08 12:53:14] [INFO] Korisnik test11 uspesno dodat
[2025-06-08 12:53:14] [INFO] Korisnik test12 uspesno dodat
[2025-06-08 12:53:14] [INFO] Korisnik test13 uspesno dodat
[2025-06-08 12:53:14] [INFO] Korisnik test14 uspesno dodat
[2025-06-08 12:53:15] [INFO] Korisnik test15 uspesno dodat
[2025-06-08 12:53:15] [INFO] Korisnik test16 uspesno dodat
[2025-06-08 12:53:15] [INFO] Korisnik test17 uspesno dodat
[2025-06-08 12:53:15] [INFO] Korisnik test18 uspesno dodat
[2025-06-08 12:53:15] [INFO] Korisnik test19 uspesno dodat
[2025-06-08 12:53:15] [INFO] Korisnik test20 uspesno dodat
[2025-06-08 12:53:15] [INFO] Korisnik test21 uspesno dodat
[2025-06-08 12:53:16] [INFO] Korisnik test22 uspesno dodat
[2025-06-08 12:53:16] [INFO] Korisnik test23 uspesno dodat
[2025-06-08 12:53:16] [INFO] Korisnik test24 uspesno dodat
[2025-06-08 12:53:16] [INFO] Korisnik test25 uspesno dodat
[2025-06-08 12:53:16] [INFO] Korisnik test26 uspesno dodat
[2025-06-08 12:53:16] [INFO] Korisnik test27 uspesno dodat
[2025-06-08 12:53:16] [INFO] Korisnik test28 uspesno dodat
[2025-06-08 12:53:17] [INFO] Korisnik test29 uspesno dodat
[2025-06-08 12:53:17] [INFO] Korisnik test30 uspesno dodat
[2025-06-08 12:53:17] [INFO] Korisnik test31 uspesno dodat
[2025-06-08 12:53:17] [INFO] Korisnik test32 uspesno dodat
[2025-06-08 12:53:17] [INFO] Korisnik test33 uspesno dodat
[2025-06-08 12:53:17] [INFO] Korisnik test34 uspesno dodat
[2025-06-08 12:53:17] [INFO] Korisnik test35 uspesno dodat
[2025-06-08 12:53:17] [INFO] Korisnik test36 uspesno dodat
[2025-06-08 12:53:17] [INFO] Korisnik test37 uspesno dodat
[2025-06-08 12:53:18] [INFO] Korisnik test38 uspesno dodat
[2025-06-08 12:53:18] [INFO] Korisnik test39 uspesno dodat
[2025-06-08 12:53:18] [INFO] Korisnik test40 uspesno dodat
[2025-06-08 12:53:18] [INFO] Korisnik test41 uspesno dodat
[2025-06-08 12:53:18] [INFO] Korisnik test42 uspesno dodat
[2025-06-08 12:53:18] [INFO] Korisnik test43 uspesno dodat
[2025-06-08 12:53:18] [INFO] Korisnik test44 uspesno dodat
[2025-06-08 12:53:19] [INFO] Korisnik test45 uspesno dodat
[2025-06-08 12:53:19] [INFO] Korisnik test46 uspesno dodat
[2025-06-08 12:53:19] [INFO] Korisnik test47 uspesno dodat
[2025-06-08 12:53:19] [INFO] Korisnik test48 uspesno dodat
[2025-06-08 12:53:19] [INFO] Korisnik test49 uspesno dodat
[2025-06-08 12:53:19] [INFO] Korisnik test50 uspesno dodat
[2025-06-08 12:53:19] [INFO] Korisnik test51 uspesno dodat
[2025-06-08 12:53:19] [INFO] Korisnik test52 uspesno dodat
[2025-06-08 12:53:24] [INFO] Korisnik bole uspesno ulogovan
[2025-06-08 12:53:24] [INFO] Korisnik test1 uspesno obrisan
[2025-06-08 12:53:24] [INFO] Korisnik test2 uspesno obrisan
[2025-06-08 12:53:24] [INFO] Korisnik test3 uspesno obrisan
[2025-06-08 12:53:25] [INFO] Korisnik test4 uspesno obrisan
[2025-06-08 12:53:25] [INFO] Korisnik test5 uspesno obrisan
[2025-06-08 12:53:25] [INFO] Korisnik test6 uspesno obrisan
[2025-06-08 12:53:25] [INFO] Korisnik test7 uspesno obrisan
[2025-06-08 12:53:25] [INFO] Korisnik test8 uspesno obrisan
[2025-06-08 12:53:25] [INFO] Korisnik test9 uspesno obrisan
[2025-06-08 12:53:25] [INFO] Korisnik test10 uspesno obrisan
[2025-06-08 12:53:25] [INFO] Korisnik test11 uspesno obrisan
[2025-06-08 12:53:25] [INFO] Korisnik test12 uspesno obrisan
[2025-06-08 12:53:25] [INFO] Korisnik test13 uspesno obrisan
[2025-06-08 12:53:25] [INFO] Korisnik test14 uspesno obrisan
[2025-06-08 12:53:25] [INFO] Korisnik test15 uspesno obrisan
[2025-06-08 12:53:25] [INFO] Korisnik test16 uspesno obrisan
[2025-06-08 12:53:25] [INFO] Korisnik test17 uspesno obrisan
[2025-06-08 12:53:25] [INFO] Korisnik test18 uspesno obrisan
[2025-06-08 12:53:25] [INFO] Korisnik test19 uspesno obrisan
[2025-06-08 12:53:25] [INFO] Korisnik test20 uspesno obrisan
[2025-06-08 12:53:25] [INFO] Korisnik test21 uspesno obrisan
[2025-06-08 12:53:25] [INFO] Korisnik test22 uspesno obrisan
[2025-06-08 12:53:25] [INFO] Korisnik test23 uspesno obrisan
[2025-06-08 12:53:25] [INFO] Korisnik test24 uspesno obrisan
[2025-06-08 12:53:25] [INFO] Korisnik test25 uspesno obrisan
[2025-06-08 12:53:25] [INFO] Korisnik test26 uspesno obrisan
[2025-06-08 12:53:25] [INFO] Korisnik test27 uspesno obrisan
[2025-06-08 12:53:25] [INFO] Korisnik test28 uspesno obrisan
[2025-06-08 12:53:25] [INFO] Korisnik test29 uspesno obrisan
[2025-06-08 12:53:25] [INFO] Korisnik test30 uspesno obrisan
[2025-06-08 12:53:25] [INFO] Korisnik test31 uspesno obrisan
[2025-06-08 12:53:25] [INFO] Korisnik test32 uspesno obrisan
[2025-06-08 12:53:25] [INFO] Korisnik test33 uspesno obrisan
[2025-06-08 12:53:25] [INFO] Korisnik test34 uspesno obrisan
[2025-06-08 12:53:25] [INFO] Korisnik test35 uspesno obrisan
[2025-06-08 12:53:25] [INFO] Korisnik test36 uspesno obrisan
[2025-06-08 12:53:25] [INFO] Korisnik test37 uspesno obrisan
[2025-06-08 12:53:25] [INFO] Korisnik test38 uspesno obrisan
[2025-06-08 12:53:25] [INFO] Korisnik test39 uspesno obrisan
[2025-06-08 12:53:25] [INFO] Korisnik test40 uspesno obrisan
[2025-06-08 12:53:25] [INFO] Korisnik test41 uspesno obrisan
[2025-06-08 12:53:25] [INFO] Korisnik test42 uspesno obrisan
[2025-06-08 12:53:25] [INFO] Korisnik test43 uspesno obrisan
[2025-06-08 12:53:25] [INFO] Korisnik test44 uspesno obrisan
[2025-06-08 12:53:26] [INFO] Korisnik test45 uspesno obrisan
[2025-06-08 12:53:26] [INFO] Korisnik test46 uspesno obrisan
[2025-06-08 12:53:26] [INFO] Korisnik test47 uspesno obrisan
[2025-06-08 12:53:26] [INFO] Korisnik test48 uspesno obrisan
[2025-06-08 12:53:26] [INFO] Korisnik test49 uspesno obrisan
[2025-06-08 12:53:26] [INFO] Korisnik test50 uspesno obrisan
[2025-06-08 12:53:26] [INFO] Korisnik test51 uspesno obrisan
[2025-06-08 12:53:26] [INFO] Korisnik test52 uspesno obrisan
[2025-06-08 12:53:26] [INFO] Korisnik test1 uspesno dodat
[2025-06-08 12:53:26] [INFO] Korisnik test2 uspesno dodat
[2025-06-08 12:53:26] [INFO] Korisnik test3 uspesno dodat
[2025-06-08 12:53:26] [INFO] Korisnik test4 uspesno dodat
[2025-06-08 12:53:26] [INFO] Korisnik test5 uspesno dodat
[2025-06-08 12:53:26] [INFO] Korisnik test6 uspesno dodat
[2025-06-08 12:53:27] [INFO] Korisnik test7 uspesno dodat
[2025-06-08 12:53:27] [INFO] Korisnik test8 uspesno dodat
[2025-06-08 12:53:27] [INFO] Korisnik test9 uspesno dodat
[2025-06-08 12:53:27] [INFO] Korisnik test10 uspesno dodat
[2025-06-08 12:53:27] [INFO] Korisnik test11 uspesno dodat
[2025-06-08 12:53:27] [INFO] Korisnik test12 uspesno dodat
[2025-06-08 12:53:27] [INFO] Korisnik test13 uspesno dodat
[2025-06-08 12:53:28] [INFO] Korisnik test14 uspesno dodat
[2025-06-08 12:53:28] [INFO] Korisnik test15 uspesno dodat
[2025-06-08 12:53:28] [INFO] Korisnik test16 uspesno dodat
[2025-06-08 12:53:28] [INFO] Korisnik test17 uspesno dodat
[2025-06-08 12:53:28] [INFO] Korisnik test18 uspesno dodat
[2025-06-08 12:53:28] [INFO] Korisnik test19 uspesno dodat
[2025-06-08 12:53:28] [INFO] Korisnik test20 uspesno dodat
[2025-06-08 12:53:28] [INFO] Korisnik test21 uspesno dodat
[2025-06-08 12:53:29] [INFO] Korisnik test22 uspesno dodat
[2025-06-08 12:53:29] [INFO] Korisnik test23 uspesno dodat
[2025-06-08 12:53:29] [INFO] Korisnik test24 uspesno dodat
[2025-06-08 12:53:29] [INFO] Korisnik test25 uspesno dodat
[2025-06-08 12:53:29] [INFO] Korisnik test26 uspesno dodat
[2025-06-08 12:53:29] [INFO] Korisnik test27 uspesno dodat
[2025-06-08 12:53:29] [INFO] Korisnik test28 uspesno dodat
[2025-06-08 12:53:29] [INFO] Korisnik test29 uspesno dodat
[2025-06-08 12:53:30] [INFO] Korisnik test30 uspesno dodat
[2025-06-08 12:53:30] [INFO] Korisnik test31 uspesno dodat
[2025-06-08 12:53:30] [INFO] Korisnik test32 uspesno dodat
[2025-06-08 12:53:30] [INFO] Korisnik test33 uspesno dodat
[2025-06-08 12:53:30] [INFO] Korisnik test34 uspesno dodat
[2025-06-08 12:53:30] [INFO] Korisnik test35 uspesno dodat
[2025-06-08 12:53:30] [INFO] Korisnik test36 uspesno dodat
[2025-06-08 12:53:31] [INFO] Korisnik test37 uspesno dodat
[2025-06-08 12:53:31] [INFO] Korisnik test38 uspesno dodat
[2025-06-08 12:53:31] [INFO] Korisnik test39 uspesno dodat
[2025-06-08 12:53:31] [INFO] Korisnik test40 uspesno dodat
[2025-06-08 12:53:35] [INFO] Korisnik bole uspesno ulogovan
[2025-06-08 12:53:35] [INFO] Korisnik test1 uspesno obrisan
[2025-06-08 12:53:35] [INFO] Korisnik test2 uspesno obrisan
[2025-06-08 12:53:35] [INFO] Korisnik test3 uspesno obrisan
[2025-06-08 12:53:35] [INFO] Korisnik test4 uspesno obrisan
[2025-06-08 12:53:35] [INFO] Korisnik test5 uspesno obrisan
[2025-06-08 12:53:35] [INFO] Korisnik test6 uspesno obrisan
[2025-06-08 12:53:35] [INFO] Korisnik test7 uspesno obrisan
[2025-06-08 12:53:35] [INFO] Korisnik test8 uspesno obrisan
[2025-06-08 12:53:35] [INFO] Korisnik test9 uspesno obrisan
[2025-06-08 12:53:35] [INFO] Korisnik test10 uspesno obrisan
[2025-06-08 12:53:35] [INFO] Korisnik test11 uspesno obrisan
[2025-06-08 12:53:35] [INFO] Korisnik test12 uspesno obrisan
[2025-06-08 12:53:36] [INFO] Korisnik test13 uspesno obrisan
[2025-06-08 12:53:36] [INFO] Korisnik test14 uspesno obrisan
[2025-06-08 12:53:36] [INFO] Korisnik test15 uspesno obrisan
[2025-06-08 12:53:36] [INFO] Korisnik test16 uspesno obrisan
[2025-06-08 12:53:36] [INFO] Korisnik test17 uspesno obrisan
[2025-06-08 12:53:36] [INFO] Korisnik test18 uspesno obrisan
[2025-06-08 12:53:36] [INFO] Korisnik test19 uspesno obrisan
[2025-06-08 12:53:36] [INFO] Korisnik test20 uspesno obrisan
[2025-06-08 12:53:36] [INFO] Korisnik test21 uspesno obrisan
[2025-06-08 12:53:36] [INFO] Korisnik test22 uspesno obrisan
[2025-06-08 12:53:36] [INFO] Korisnik test23 uspesno obrisan
[2025-06-08 12:53:36] [INFO] Korisnik test24 uspesno obrisan
[2025-06-08 12:53:36] [INFO] Korisnik test25 uspesno obrisan
[2025-06-08 12:53:36] [INFO] Korisnik test26 uspesno obrisan
[2025-06-08 12:53:36] [INFO] Korisnik test27 uspesno obrisan
[2025-06-08 12:53:36] [INFO] Korisnik test28 uspesno obrisan
[2025-06-08 12:53:36] [INFO] Korisnik test29 uspesno obrisan
[2025-06-08 12:53:36] [INFO] Korisnik test30 uspesno obrisan
[2025-06-08 12:53:36] [INFO] Korisnik test31 uspesno obrisan
[2025-06-08 12:53:36] [INFO] Korisnik test32 uspesno obrisan
[2025-06-08 12:53:36] [INFO] Korisnik test33 uspesno obrisan
[2025-06-08 12:53:36] [INFO] Korisnik test34 uspesno obrisan
[2025-06-08 12:53:36] [INFO] Korisnik test35 uspesno obrisan
[2025-06-08 12:53:36] [INFO] Korisnik test36 uspesno obrisan
[2025-06-08 12:53:36] [INFO] Korisnik test37 uspesno obrisan
[2025-06-08 12:53:36] [INFO] Korisnik test38 uspesno obrisan
[2025-06-08 12:53:36] [INFO] Korisnik test39 uspesno obrisan
[2025-06-08 12:53:36] [INFO] Korisnik test40 uspesno obrisan
[2025-06-08 12:54:52] [INFO] Korisnik dhfhfd uspesno dodat
[2025-06-08 12:55:31] [INFO] Korisnik bole uspesno ulogovan
[2025-06-08 12:55:31] [INFO] Korisnik NAPAD 1. uspesno dodat
[2025-06-08 12:55:31] [INFO] Korisnik NAPAD 2. uspesno dodat
[2025-06-08 12:55:31] [INFO] Korisnik NAPAD 3. uspesno dodat
[2025-06-08 12:55:31] [INFO] Korisnik NAPAD 4. uspesno dodat
[2025-06-08 12:55:31] [INFO] Korisnik NAPAD 5. uspesno dodat
[2025-06-08 12:55:31] [INFO] Korisnik NAPAD 6. uspesno dodat
[2025-06-08 12:55:32] [INFO] Korisnik NAPAD 7. uspesno dodat
[2025-06-08 12:55:32] [INFO] Korisnik NAPAD 8. uspesno dodat
[2025-06-08 12:55:32] [INFO] Korisnik NAPAD 9. uspesno dodat
[2025-06-08 12:55:32] [INFO] Korisnik NAPAD 10. uspesno dodat
[2025-06-08 12:55:32] [INFO] Korisnik NAPAD 11. uspesno dodat
[2025-06-08 12:55:32] [INFO] Korisnik NAPAD 12. uspesno dodat
[2025-06-08 12:55:32] [INFO] Korisnik NAPAD 13. uspesno dodat
[2025-06-08 12:55:32] [INFO] Korisnik NAPAD 14. uspesno dodat
[2025-06-08 12:55:32] [INFO] Korisnik NAPAD 15. uspesno dodat
[2025-06-08 12:55:33] [INFO] Korisnik NAPAD 16. uspesno dodat
[2025-06-08 12:55:33] [INFO] Korisnik NAPAD 17. uspesno dodat
[2025-06-08 12:55:33] [INFO] Korisnik NAPAD 18. uspesno dodat
[2025-06-08 12:55:33] [INFO] Korisnik NAPAD 19. uspesno dodat
[2025-06-08 12:55:33] [INFO] Korisnik NAPAD 20. uspesno dodat
[2025-06-08 12:55:33] [INFO] Korisnik NAPAD 21. uspesno dodat
[2025-06-08 12:55:33] [INFO] Korisnik NAPAD 22. uspesno dodat
[2025-06-08 12:55:34] [INFO] Korisnik NAPAD 23. uspesno dodat
[2025-06-08 12:55:34] [INFO] Korisnik NAPAD 24. uspesno dodat
[2025-06-08 12:55:34] [INFO] Korisnik NAPAD 25. uspesno dodat
[2025-06-08 12:55:34] [INFO] Korisnik NAPAD 26. uspesno dodat
[2025-06-08 12:55:34] [INFO] Korisnik NAPAD 27. uspesno dodat
[2025-06-08 12:55:34] [INFO] Korisnik NAPAD 28. uspesno dodat
[2025-06-08 12:55:34] [INFO] Korisnik NAPAD 29. uspesno dodat
[2025-06-08 12:55:34] [INFO] Korisnik NAPAD 30. uspesno dodat
[2025-06-08 12:55:35] [INFO] Korisnik NAPAD 31. uspesno dodat
[2025-06-08 12:55:35] [INFO] Korisnik NAPAD 32. uspesno dodat
[2025-06-08 12:55:35] [INFO] Korisnik NAPAD 33. uspesno dodat
[2025-06-08 12:55:35] [INFO] Korisnik NAPAD 34. uspesno dodat
[2025-06-08 12:55:35] [INFO] Korisnik NAPAD 35. uspesno dodat
[2025-06-08 12:55:35] [INFO] Korisnik NAPAD 36. uspesno dodat
[2025-06-08 12:55:35] [INFO] Korisnik NAPAD 37. uspesno dodat
[2025-06-08 12:55:36] [INFO] Korisnik NAPAD 38. uspesno dodat
[2025-06-08 12:55:36] [INFO] Korisnik NAPAD 39. uspesno dodat
[2025-06-08 12:55:36] [INFO] Korisnik NAPAD 40. uspesno dodat
[2025-06-08 12:55:36] [INFO] Korisnik NAPAD 41. uspesno dodat
[2025-06-08 12:55:36] [INFO] Korisnik NAPAD 42. uspesno dodat
[2025-06-08 12:55:36] [INFO] Korisnik NAPAD 43. uspesno dodat
[2025-06-08 12:55:36] [INFO] Korisnik NAPAD 44. uspesno dodat
[2025-06-08 12:55:36] [INFO] Korisnik NAPAD 45. uspesno dodat
[2025-06-08 12:55:37] [INFO] Korisnik NAPAD 46. uspesno dodat
[2025-06-08 12:55:37] [INFO] Korisnik NAPAD 47. uspesno dodat
[2025-06-08 12:55:37] [INFO] Korisnik NAPAD 48. uspesno dodat
[2025-06-08 12:55:37] [INFO] Korisnik NAPAD 49. uspesno dodat
[2025-06-08 12:55:37] [INFO] Korisnik NAPAD 50. uspesno dodat
[2025-06-08 12:55:37] [INFO] Korisnik NAPAD 51. uspesno dodat
[2025-06-08 12:55:37] [INFO] Korisnik NAPAD 52. uspesno dodat
[2025-06-08 12:55:37] [INFO] Korisnik NAPAD 53. uspesno dodat
[2025-06-08 12:55:38] [INFO] Korisnik NAPAD 54. uspesno dodat
[2025-06-08 12:55:38] [INFO] Korisnik NAPAD 55. uspesno dodat
[2025-06-08 12:55:38] [INFO] Korisnik NAPAD 56. uspesno dodat
[2025-06-08 12:55:38] [INFO] Korisnik NAPAD 57. uspesno dodat
[2025-06-08 12:55:38] [INFO] Korisnik NAPAD 58. uspesno dodat
[2025-06-08 12:55:38] [INFO] Korisnik NAPAD 59. uspesno dodat
[2025-06-08 12:55:38] [INFO] Korisnik NAPAD 60. uspesno dodat
[2025-06-08 12:55:38] [INFO] Korisnik NAPAD 61. uspesno dodat
[2025-06-08 12:55:39] [INFO] Korisnik NAPAD 62. uspesno dodat
[2025-06-08 12:55:39] [INFO] Korisnik NAPAD 63. uspesno dodat
[2025-06-08 12:55:39] [INFO] Korisnik NAPAD 64. uspesno dodat
[2025-06-08 12:55:39] [INFO] Korisnik NAPAD 65. uspesno dodat
[2025-06-08 12:55:39] [INFO] Korisnik NAPAD 66. uspesno dodat
[2025-06-08 12:55:39] [INFO] Korisnik NAPAD 67. uspesno dodat
[2025-06-08 12:55:39] [INFO] Korisnik NAPAD 68. uspesno dodat
[2025-06-08 12:55:39] [INFO] Korisnik NAPAD 69. uspesno dodat
[2025-06-08 12:55:40] [INFO] Korisnik NAPAD 70. uspesno dodat
[2025-06-08 12:55:40] [INFO] Korisnik NAPAD 71. uspesno dodat
[2025-06-08 12:55:40] [INFO] Korisnik NAPAD 72. uspesno dodat
[2025-06-08 12:55:40] [INFO] Korisnik NAPAD 73. uspesno dodat
[2025-06-08 12:55:40] [INFO] Korisnik NAPAD 74. uspesno dodat
[2025-06-08 12:55:40] [INFO] Korisnik NAPAD 75. uspesno dodat
[2025-06-08 12:55:40] [INFO] Korisnik NAPAD 76. uspesno dodat
[2025-06-08 12:55:40] [INFO] Korisnik NAPAD 77. uspesno dodat
[2025-06-08 12:55:41] [INFO] Korisnik NAPAD 78. uspesno dodat
[2025-06-08 12:55:41] [INFO] Korisnik NAPAD 79. uspesno dodat
[2025-06-08 12:55:41] [INFO] Korisnik NAPAD 80. uspesno dodat
[2025-06-08 12:55:41] [INFO] Korisnik NAPAD 81. uspesno dodat
[2025-06-08 12:55:41] [INFO] Korisnik NAPAD 82. uspesno dodat
[2025-06-08 12:55:41] [INFO] Korisnik NAPAD 83. uspesno dodat
[2025-06-08 12:55:42] [INFO] Korisnik NAPAD 84. uspesno dodat
[2025-06-08 12:55:42] [INFO] Korisnik NAPAD 85. uspesno dodat
[2025-06-08 12:55:42] [INFO] Korisnik NAPAD 86. uspesno dodat
[2025-06-08 12:55:42] [INFO] Korisnik NAPAD 87. uspesno dodat
[2025-06-08 12:55:42] [INFO] Korisnik NAPAD 88. uspesno dodat
[2025-06-08 12:55:42] [INFO] Korisnik NAPAD 89. uspesno dodat
[2025-06-08 12:55:42] [INFO] Korisnik NAPAD 90. uspesno dodat
[2025-06-08 12:55:42] [INFO] Korisnik NAPAD 91. uspesno dodat
[2025-06-08 12:55:43] [INFO] Korisnik NAPAD 92. uspesno dodat
[2025-06-08 12:55:43] [INFO] Korisnik NAPAD 93. uspesno dodat
[2025-06-08 12:55:43] [INFO] Korisnik NAPAD 94. uspesno dodat
[2025-06-08 12:55:43] [INFO] Korisnik NAPAD 95. uspesno dodat
[2025-06-08 12:55:43] [INFO] Korisnik NAPAD 96. uspesno dodat
[2025-06-08 12:55:43] [INFO] Korisnik NAPAD 97. uspesno dodat
[2025-06-08 12:55:43] [INFO] Korisnik NAPAD 98. uspesno dodat
[2025-06-08 12:55:44] [INFO] Korisnik NAPAD 99. uspesno dodat
[2025-06-08 12:56:03] [INFO] Korisnik bole uspesno ulogovan
[2025-06-08 12:56:03] [INFO] Korisnik dhfhfd uspesno obrisan
[2025-06-08 12:56:03] [INFO] Korisnik NAPAD 1. uspesno obrisan
[2025-06-08 12:56:03] [INFO] Korisnik NAPAD 2. uspesno obrisan
[2025-06-08 12:56:03] [INFO] Korisnik NAPAD 3. uspesno obrisan
[2025-06-08 12:56:03] [INFO] Korisnik NAPAD 4. uspesno obrisan
[2025-06-08 12:56:03] [INFO] Korisnik NAPAD 5. uspesno obrisan
[2025-06-08 12:56:03] [INFO] Korisnik NAPAD 6. uspesno obrisan
[2025-06-08 12:56:03] [INFO] Korisnik NAPAD 7. uspesno obrisan
[2025-06-08 12:56:03] [INFO] Korisnik NAPAD 8. uspesno obrisan
[2025-06-08 12:56:03] [INFO] Korisnik NAPAD 9. uspesno obrisan
[2025-06-08 12:56:03] [INFO] Korisnik NAPAD 10. uspesno obrisan
[2025-06-08 12:56:03] [INFO] Korisnik NAPAD 11. uspesno obrisan
[2025-06-08 12:56:03] [INFO] Korisnik NAPAD 12. uspesno obrisan
[2025-06-08 12:56:03] [INFO] Korisnik NAPAD 13. uspesno obrisan
[2025-06-08 12:56:03] [INFO] Korisnik NAPAD 14. uspesno obrisan
[2025-06-08 12:56:03] [INFO] Korisnik NAPAD 15. uspesno obrisan
[2025-06-08 12:56:03] [INFO] Korisnik NAPAD 16. uspesno obrisan
[2025-06-08 12:56:04] [INFO] Korisnik NAPAD 17. uspesno obrisan
[2025-06-08 12:56:04] [INFO] Korisnik NAPAD 18. uspesno obrisan
[2025-06-08 12:56:04] [INFO] Korisnik NAPAD 19. uspesno obrisan
[2025-06-08 12:56:04] [INFO] Korisnik NAPAD 20. uspesno obrisan
[2025-06-08 12:56:04] [INFO] Korisnik NAPAD 21. uspesno obrisan
[2025-06-08 12:56:04] [INFO] Korisnik NAPAD 22. uspesno obrisan
[2025-06-08 12:56:04] [INFO] Korisnik NAPAD 23. uspesno obrisan
[2025-06-08 12:56:04] [INFO] Korisnik NAPAD 24. uspesno obrisan
[2025-06-08 12:56:04] [INFO] Korisnik NAPAD 25. uspesno obrisan
[2025-06-08 12:56:04] [INFO] Korisnik NAPAD 26. uspesno obrisan
[2025-06-08 12:56:04] [INFO] Korisnik NAPAD 27. uspesno obrisan
[2025-06-08 12:56:04] [INFO] Korisnik NAPAD 28. uspesno obrisan
[2025-06-08 12:56:04] [INFO] Korisnik NAPAD 29. uspesno obrisan
[2025-06-08 12:56:04] [INFO] Korisnik NAPAD 30. uspesno obrisan
[2025-06-08 12:56:04] [INFO] Korisnik NAPAD 31. uspesno obrisan
[2025-06-08 12:56:04] [INFO] Korisnik NAPAD 32. uspesno obrisan
[2025-06-08 12:56:04] [INFO] Korisnik NAPAD 33. uspesno obrisan
[2025-06-08 12:56:04] [INFO] Korisnik NAPAD 34. uspesno obrisan
[2025-06-08 12:56:04] [INFO] Korisnik NAPAD 35. uspesno obrisan
[2025-06-08 12:56:04] [INFO] Korisnik NAPAD 36. uspesno obrisan
[2025-06-08 12:56:04] [INFO] Korisnik NAPAD 37. uspesno obrisan
[2025-06-08 12:56:04] [INFO] Korisnik NAPAD 38. uspesno obrisan
[2025-06-08 12:56:04] [INFO] Korisnik NAPAD 39. uspesno obrisan
[2025-06-08 12:56:04] [INFO] Korisnik NAPAD 40. uspesno obrisan
[2025-06-08 12:56:04] [INFO] Korisnik NAPAD 41. uspesno obrisan
[2025-06-08 12:56:04] [INFO] Korisnik NAPAD 42. uspesno obrisan
[2025-06-08 12:56:04] [INFO] Korisnik NAPAD 43. uspesno obrisan
[2025-06-08 12:56:04] [INFO] Korisnik NAPAD 44. uspesno obrisan
[2025-06-08 12:56:04] [INFO] Korisnik NAPAD 45. uspesno obrisan
[2025-06-08 12:56:04] [INFO] Korisnik NAPAD 46. uspesno obrisan
[2025-06-08 12:56:04] [INFO] Korisnik NAPAD 47. uspesno obrisan
[2025-06-08 12:56:04] [INFO] Korisnik NAPAD 48. uspesno obrisan
[2025-06-08 12:56:04] [INFO] Korisnik NAPAD 49. uspesno obrisan
[2025-06-08 12:56:04] [INFO] Korisnik NAPAD 50. uspesno obrisan
[2025-06-08 12:56:04] [INFO] Korisnik NAPAD 51. uspesno obrisan
[2025-06-08 12:56:04] [INFO] Korisnik NAPAD 52. uspesno obrisan
[2025-06-08 12:56:04] [INFO] Korisnik NAPAD 53. uspesno obrisan
[2025-06-08 12:56:04] [INFO] Korisnik NAPAD 54. uspesno obrisan
[2025-06-08 12:56:04] [INFO] Korisnik NAPAD 55. uspesno obrisan
[2025-06-08 12:56:04] [INFO] Korisnik NAPAD 56. uspesno obrisan
[2025-06-08 12:56:04] [INFO] Korisnik NAPAD 57. uspesno obrisan
[2025-06-08 12:56:04] [INFO] Korisnik NAPAD 58. uspesno obrisan
[2025-06-08 12:56:04] [INFO] Korisnik NAPAD 59. uspesno obrisan
[2025-06-08 12:56:04] [INFO] Korisnik NAPAD 60. uspesno obrisan
[2025-06-08 12:56:04] [INFO] Korisnik NAPAD 61. uspesno obrisan
[2025-06-08 12:56:04] [INFO] Korisnik NAPAD 62. uspesno obrisan
[2025-06-08 12:56:05] [INFO] Korisnik NAPAD 63. uspesno obrisan
[2025-06-08 12:56:05] [INFO] Korisnik NAPAD 64. uspesno obrisan
[2025-06-08 12:56:05] [INFO] Korisnik NAPAD 65. uspesno obrisan
[2025-06-08 12:56:05] [INFO] Korisnik NAPAD 66. uspesno obrisan
[2025-06-08 12:56:05] [INFO] Korisnik NAPAD 67. uspesno obrisan
[2025-06-08 12:56:05] [INFO] Korisnik NAPAD 68. uspesno obrisan
[2025-06-08 12:56:05] [INFO] Korisnik NAPAD 69. uspesno obrisan
[2025-06-08 12:56:05] [INFO] Korisnik NAPAD 70. uspesno obrisan
[2025-06-08 12:56:05] [INFO] Korisnik NAPAD 71. uspesno obrisan
[2025-06-08 12:56:05] [INFO] Korisnik NAPAD 72. uspesno obrisan
[2025-06-08 12:56:05] [INFO] Korisnik NAPAD 73. uspesno obrisan
[2025-06-08 12:56:05] [INFO] Korisnik NAPAD 74. uspesno obrisan
[2025-06-08 12:56:05] [INFO] Korisnik NAPAD 75. uspesno obrisan
[2025-06-08 12:56:05] [INFO] Korisnik NAPAD 76. uspesno obrisan
[2025-06-08 12:56:05] [INFO] Korisnik NAPAD 77. uspesno obrisan
[2025-06-08 12:56:05] [INFO] Korisnik NAPAD 78. uspesno obrisan
[2025-06-08 12:56:05] [INFO] Korisnik NAPAD 79. uspesno obrisan
[2025-06-08 12:56:05] [INFO] Korisnik NAPAD 80. uspesno obrisan
[2025-06-08 12:56:05] [INFO] Korisnik NAPAD 81. uspesno obrisan
[2025-06-08 12:56:05] [INFO] Korisnik NAPAD 82. uspesno obrisan
[2025-06-08 12:56:05] [INFO] Korisnik NAPAD 83. uspesno obrisan
[2025-06-08 12:56:05] [INFO] Korisnik NAPAD 84. uspesno obrisan
[2025-06-08 12:56:05] [INFO] Korisnik NAPAD 85. uspesno obrisan
[2025-06-08 12:56:05] [INFO] Korisnik NAPAD 86. uspesno obrisan
[2025-06-08 12:56:05] [INFO] Korisnik NAPAD 87. uspesno obrisan
[2025-06-08 12:56:05] [INFO] Korisnik NAPAD 88. uspesno obrisan
[2025-06-08 12:56:05] [INFO] Korisnik NAPAD 89. uspesno obrisan
[2025-06-08 12:56:05] [INFO] Korisnik NAPAD 90. uspesno obrisan
[2025-06-08 12:56:05] [INFO] Korisnik NAPAD 91. uspesno obrisan
[2025-06-08 12:56:05] [INFO] Korisnik NAPAD 92. uspesno obrisan
[2025-06-08 12:56:05] [INFO] Korisnik NAPAD 93. uspesno obrisan
[2025-06-08 12:56:05] [INFO] Korisnik NAPAD 94. uspesno obrisan
[2025-06-08 12:56:05] [INFO] Korisnik NAPAD 95. uspesno obrisan
[2025-06-08 12:56:05] [INFO] Korisnik NAPAD 96. uspesno obrisan
[2025-06-08 12:56:05] [INFO] Korisnik NAPAD 97. uspesno obrisan
[2025-06-08 12:56:05] [INFO] Korisnik NAPAD 98. uspesno obrisan
[2025-06-08 12:56:05] [INFO] Korisnik NAPAD 99. uspesno obrisan
[2025-06-08 13:31:55] [INFO] Korisnik bole uspesno ulogovan
[2025-06-08 13:32:18] [INFO] Korisnik bokiliigjosd uspesno izmenjen
[2025-06-08 13:34:21] [INFO] Korisnik bokili uspesno izmenjen
[2025-06-08 13:34:28] [INFO] Korisnik bole uspreno izlogovan
[2025-06-08 15:18:15] [INFO] Korisnik bole uspesno ulogovan
[2025-06-08 15:19:58] [INFO] Korisnik bokili uspesno izmenjen
[2025-06-08 16:48:16] [INFO] Korisnik bole uspesno ulogovan
[2025-06-08 16:48:20] [INFO] Korisnik bole uspesno izmenjen
[2025-06-08 16:48:32] [INFO] Korisnik bole uspreno izlogovan
[2025-06-08 16:48:35] [INFO] Korisnik bole uspesno ulogovan
[2025-06-08 16:48:41] [INFO] Korisnik bole uspreno izlogovan
[2025-06-08 16:48:44] [INFO] Korisnik bole uspesno ulogovan
[2025-06-08 16:48:46] [INFO] Korisnik bole uspreno izlogovan
[2025-06-08 16:48:50] [INFO] Korisnik nikola uspesno ulogovan
[2025-06-08 16:48:57] [INFO] Korisnik bole uspesno izmenjen
