[2025-06-07 08:39:29] [INFO] Korisnik bole uspesno ulogovan
[2025-06-07 08:39:41] [INFO] Korisnik bole uspreno izlogovan
[2025-06-07 08:39:50] [INFO] Korisnik nikola uspesno ulogovan
[2025-06-07 08:43:28] [ERROR] Greska: Signature verification failed
[2025-06-07 08:43:30] [ERROR] Greska: Signature verification failed
[2025-06-07 08:43:34] [ERROR] Greska: Signature verification failed
[2025-06-07 08:43:34] [ERROR] Greska: Signature verification failed
[2025-06-07 08:43:37] [ERROR] Greska: Signature verification failed
[2025-06-07 08:43:37] [INFO] Korisnik bole uspesno ulogovan
[2025-06-07 08:43:39] [INFO] Korisnik bole uspreno izlogovan
[2025-06-07 08:43:43] [INFO] Korisnik nikola uspesno ulogovan
[2025-06-07 08:44:24] [INFO] Korisnik nikola uspreno izlogovan
[2025-06-07 08:44:29] [INFO] Korisnik nikola uspesno ulogovan
[2025-06-07 08:44:45] [INFO] Korisnik nikola uspreno izlogovan
[2025-06-07 08:44:48] [INFO] Korisnik bole uspesno ulogovan
[2025-06-07 08:44:54] [INFO] Korisnik bole uspreno izlogovan
[2025-06-07 08:58:47] [ERROR] Korisnik  ne postoji u bazi
[2025-06-07 08:58:51] [INFO] Korisnik bole uspesno ulogovan
[2025-06-07 09:04:03] [INFO] Korisnik bole uspreno izlogovan
[2025-06-07 09:04:06] [INFO] Korisnik bole uspesno ulogovan
[2025-06-07 09:04:08] [INFO] Korisnik bole uspreno izlogovan
[2025-06-07 09:04:13] [INFO] Korisnik nikola uspesno ulogovan
[2025-06-07 09:24:09] [INFO] Korisnik nikola uspreno izlogovan
[2025-06-07 09:24:13] [INFO] Korisnik bole uspesno ulogovan
[2025-06-07 09:24:18] [INFO] Korisnik bole uspreno izlogovan
[2025-06-07 09:24:24] [INFO] Korisnik nikola uspesno ulogovan
[2025-06-07 09:37:12] [INFO] Korisnik nikola uspreno izlogovan
[2025-06-07 09:37:18] [INFO] Korisnik nikola uspesno ulogovan
[2025-06-07 11:37:10] [INFO] Korisnik bole uspesno ulogovan
[2025-06-07 11:37:13] [INFO] Korisnik bole uspreno izlogovan
[2025-06-07 11:37:23] [INFO] Korisnik nikola uspesno ulogovan
[2025-06-07 12:33:36] [INFO] Korisnik nikola uspreno izlogovan
[2025-06-07 12:33:37] [ERROR] Korisnik  ne postoji u bazi
[2025-06-07 12:35:20] [ERROR] Korisnik hsddsh ne postoji u bazi
[2025-06-07 12:37:09] [ERROR] Pogresna lozinka ili username
[2025-06-07 12:37:18] [INFO] Korisnik nikola uspesno ulogovan
[2025-06-07 13:50:58] [INFO] Korisnik nikola uspesno ulogovan
[2025-06-07 13:53:13] [INFO] Korisnik nikola uspreno izlogovan
[2025-06-07 13:53:17] [INFO] Korisnik bole uspesno ulogovan
[2025-06-07 14:38:59] [INFO] Korisnik bole uspreno izlogovan
[2025-06-07 14:39:03] [INFO] Korisnik boki uspesno ulogovan
[2025-06-07 16:16:12] [INFO] Korisnik bole uspesno ulogovan
[2025-06-07 21:03:48] [INFO] Korisnik bole uspesno ulogovan
[2025-06-07 21:10:05] [INFO] Korisnik bole uspreno izlogovan
[2025-06-07 21:10:08] [INFO] Korisnik bole uspesno ulogovan
[2025-06-07 21:22:37] [INFO] Korisnik bole uspesno izmenjen
[2025-06-07 21:22:43] [INFO] Korisnik bole uspesno izmenjen
[2025-06-07 21:22:55] [INFO] Korisnik dfjsfsdj uspesno dodat
[2025-06-07 21:23:28] [INFO] Korisnik hsadsdha uspesno dodat
[2025-06-07 21:24:29] [INFO] Korisnik fhjadsafsdhj uspesno dodat
[2025-06-07 21:24:33] [INFO] Korisnik Array obrisan
[2025-06-07 21:24:34] [INFO] Korisnik  obrisan
[2025-06-07 21:24:56] [INFO] Korisnik jdhsfjdfsdfj uspesno dodat
[2025-06-07 21:25:02] [INFO] Korisnik Array obrisan
[2025-06-07 21:25:04] [INFO] Korisnik  obrisan
[2025-06-07 21:25:38] [INFO] Korisnik gjsjgdf uspesno dodat
[2025-06-07 21:25:41] [INFO] Korisnik uspesno obrisan
[2025-06-07 21:26:42] [INFO] Korisnik hdsaahsdasdh uspesno dodat
[2025-06-07 21:26:46] [INFO] Korisnik hdsaahsdasdh uspesno obrisan
[2025-06-07 21:28:13] [ERROR] Korisnik je pokusao da doda bole, koji vec postoji
[2025-06-07 22:20:23] [INFO] Korisnik bole uspesno ulogovan
[2025-06-07 22:21:25] [INFO] Korisnik bole uspreno izlogovan
[2025-06-07 22:21:34] [INFO] Korisnik nikola uspesno ulogovan
[2025-06-07 22:30:29] [INFO] Korisnik nikola uspreno izlogovan
[2025-06-07 22:30:35] [ERROR] Pogresna lozinka ili username
[2025-06-07 22:30:37] [ERROR] Pogresna lozinka ili username
[2025-06-07 22:30:37] [ERROR] Pogresna lozinka ili username
[2025-06-07 22:30:37] [ERROR] Pogresna lozinka ili username
[2025-06-07 22:31:13] [INFO] Korisnik bokili uspesno ulogovan
[2025-06-07 22:31:19] [INFO] Korisnik bokili uspesno obrisan
[2025-06-07 22:31:29] [INFO] Korisnik test uspesno dodat
[2025-06-07 22:31:30] [INFO] Korisnik bokili uspreno izlogovan
[2025-06-07 22:31:37] [INFO] Korisnik bole uspesno ulogovan
[2025-06-07 22:34:17] [INFO] Korisnik bole uspreno izlogovan
[2025-06-07 22:34:21] [INFO] Korisnik bole uspesno ulogovan
[2025-06-07 22:34:30] [INFO] Korisnik bole uspesno izmenjen
[2025-06-07 22:34:34] [INFO] Korisnik test uspesno obrisan
[2025-06-07 22:34:46] [INFO] Korisnik bokili uspesno izmenjen
[2025-06-07 22:34:50] [INFO] Korisnik bole uspreno izlogovan
[2025-06-07 22:37:49] [INFO] Korisnik bole uspesno ulogovan
[2025-06-07 22:39:25] [INFO] Korisnik jfgsdjdsgf uspesno dodat
[2025-06-07 22:44:35] [INFO] Korisnik fhsahsfa uspesno dodat
[2025-06-07 22:47:48] [INFO] Korisnik py_username uspesno dodat
[2025-06-07 22:50:45] [INFO] Korisnik jfgsdjdsgf uspesno obrisan
[2025-06-07 22:50:53] [INFO] Korisnik fhsahsfa uspesno obrisan
[2025-06-07 22:50:57] [INFO] Korisnik  uspesno obrisan
[2025-06-07 22:52:00] [INFO] Korisnik bole uspreno izlogovan
[2025-06-07 22:52:09] [ERROR] Pogresna lozinka ili username
[2025-06-07 22:53:35] [INFO] Korisnik bole uspesno ulogovan
[2025-06-07 22:54:42] [INFO] Korisnik bole uspesno ulogovan
[2025-06-07 22:55:45] [INFO] Korisnik bole uspesno ulogovan
[2025-06-07 22:56:14] [INFO] Korisnik bole uspesno ulogovan
[2025-06-07 22:56:23] [ERROR] Pogresna lozinka ili username
[2025-06-07 22:56:34] [ERROR] Pogresna lozinka ili username
[2025-06-07 22:56:56] [ERROR] Pogresna lozinka ili username
[2025-06-07 22:57:02] [INFO] Korisnik bole uspesno ulogovan
[2025-06-07 23:15:23] [INFO] Korisnik bole uspesno ulogovan
[2025-06-07 23:19:50] [INFO] Korisnik bole uspreno izlogovan
[2025-06-07 23:20:08] [INFO] Korisnik bole uspesno ulogovan
[2025-06-07 23:23:42] [INFO] Korisnik bole uspreno izlogovan
[2025-06-07 23:23:47] [INFO] Korisnik bole uspesno ulogovan
